// Jest Snapshot v1, https://goo.gl/fbAQLP

exports[` 1`] = `undefined`;

exports[`<TravelContainer /> rendering should render three buttons 1`] = `ShallowWrapper {}`;
